<h1>This is just a test</h1>
<ul>
  <li>test1</li>
  <li>test2</li>
  <li>test3</li>
</ul>
<h2>Testicus</h2>
<p>Lorem ipsum dolor sit amet.</p>
