<p>
  This is just a test. I repeat: this is just a test.
</p>
